// Jest Snapshot v1, https://goo.gl/fbAQLP

exports[`should render ExpenseList with expenses 1`] = `
<div>
  <ExpenseListItem
    amount={195}
    createdAt={0}
    description="Gum"
    id="1"
    key="1"
    note=""
  />
  <ExpenseListItem
    amount={259500}
    createdAt={-345600000}
    description="Rent"
    id="2"
    key="2"
    note="Last month rent in SF"
  />
  <ExpenseListItem
    amount={4500}
    createdAt={345600000}
    description="Cable bill"
    id="3"
    key="3"
    note=""
  />
</div>
`;

exports[`should render expenseList with empty message 1`] = `
<div>
  <p>
    No expenses
  </p>
</div>
`;
